[1/102] 000 /industries  eds=ok src=ok
[2/102] 001 /industries/refining-technologies  eds=ok src=ok
[3/102] 002 /industries/refining-technologies/fcc-catalyst-application  eds=ok src=ok
[4/102] 003 /industries/refining-technologies/fcc-catalyst-application/maximize-propylene  eds=ok src=ok
[5/102] 004 /industries/refining-technologies/fcc-catalyst-application/butylene-selectivity  eds=ok src=ok
[6/102] 005 /industries/refining-technologies/fcc-catalyst-application/resid-conversion  eds=ok src=ok
[7/102] 006 /industries/refining-technologies/fcc-catalyst-application/light-feed-performance  eds=ok src=ok
[8/102] 007 /industries/refining-technologies/value-creation  eds=ok src=ok
[9/102] 008 /industries/refining-technologies/value-creation/technical-service-expertise  eds=ok src=ok
[10/102] 009 /industries/refining-technologies/value-creation/specialized-evaluation-tools  eds=ok src=ok
[11/102] 010 /industries/refining-technologies/value-creation/sustainability  eds=ok src=ok
[12/102] 011 /industries/refining-technologies/fcc-additive-solutions  eds=ok src=ok
[13/102] 012 /industries/refining-technologies/fcc-additive-solutions/sox-reduction  eds=ok src=ok
[14/102] 013 /industries/refining-technologies/fcc-additive-solutions/gasoline-sulphur-reduction  eds=ok src=ok
[15/102] 014 /industries/refining-technologies/fcc-additive-solutions/light-olefins  eds=ok src=ok
[16/102] 015 /industries/refining-technologies/fcc-additive-solutions/nox-reduction  eds=ok src=ok
[17/102] 016 /industries/refining-technologies/fcc-additive-solutions/combustion-promoter  eds=ok src=ok
[18/102] 017 /industries/refining-technologies/hydroprocessing  eds=ok src=ok
[19/102] 018 /industries/refining-technologies/hydroprocessing/resid-hydrotreating-solutions  eds=ok src=ok
[20/102] 019 /industries/refining-technologies/hydroprocessing/resid-hydrocracking-solutions  eds=ok src=ok
[21/102] 020 /industries/refining-technologies/hydroprocessing/distillate-hydrotreating-solutions  eds=ok src=ok
[22/102] 021 /industries/refining-technologies/catalagram-archive  eds=ok src=ok
[23/102] 022 /industries/chemical-processing  eds=ok src=ok
[24/102] 023 /industries/chemical-processing/hydrogenation-catalysts  eds=ok src=ok
[25/102] 024 /industries/chemical-processing/catalyst-supports  eds=ok src=ok
[26/102] 025 /industries/chemical-processing/custom-development  eds=ok src=ok
[27/102] 026 /industries/plastics-and-polymers  eds=ok src=ok
[28/102] 027 /industries/plastics-and-polymers/polyethylene-catalysts  eds=ok src=ok
[29/102] 028 /industries/plastics-and-polymers/polyethylene-catalysts/pe-catalyst-components-and-supports  eds=ok src=ok
[30/102] 029 /industries/plastics-and-polymers/polyethylene-catalysts/pe-slurry  eds=ok src=ok
[31/102] 030 /industries/plastics-and-polymers/polyethylene-catalysts/pe-gas-phase  eds=ok src=ok
[32/102] 031 /industries/plastics-and-polymers/polyethylene-catalysts/pe-solution  eds=ok src=ok
[33/102] 032 /industries/plastics-and-polymers/polyethylene-catalysts/pe-hybrid  eds=ok src=ok
[34/102] 033 /industries/plastics-and-polymers/polypropylene-catalysts  eds=ok src=ok
[35/102] 034 /industries/plastics-and-polymers/polypropylene-catalysts/pp-bulk  eds=ok src=ok
[36/102] 035 /industries/plastics-and-polymers/polypropylene-catalysts/pp-gas-phase  eds=ok src=ok
[37/102] 036 /industries/plastics-and-polymers/polypropylene-catalysts/pp-slurry  eds=ok src=ok
[38/102] 037 /industries/plastics-and-polymers/unipol-pp-process-technology  eds=ok src=ok
[39/102] 038 /industries/plastics-and-polymers/unipol-pp-process-technology/unipol-pp-process  eds=ok src=ok
[40/102] 039 /industries/plastics-and-polymers/unipol-pp-process-technology/unipol-pp-products  eds=ok src=ok
[41/102] 040 /industries/plastics-and-polymers/unipol-pp-process-technology/unipol-pp-performance  eds=ok src=ok
[42/102] 041 /industries/plastics-and-polymers/unipol-pp-process-technology/unipol-pp-services  eds=ok src=ok
[43/102] 042 /industries/plastics-and-polymers/unipol-pp-process-technology/unipol-pp-technology-ppartner-program  eds=ok src=ok
[44/102] 043 /industries/plastics-and-polymers/custom-catalysts  eds=ok src=ok
[45/102] 044 /industries/plastics-and-polymers/plastic-additives  eds=ok src=ok
[46/102] 045 /industries/plastics-and-polymers/plastic-additives/silica-anti-blocking-agents  eds=ok src=ok
[47/102] 046 /industries/plastics-and-polymers/plastic-additives/titanium-dioxide-extenders  eds=ok src=ok
[48/102] 047 /industries/plastics-and-polymers/tire-and-rubber-additives  eds=ok src=ok
[49/102] 048 /industries/coatings  eds=ok src=ok
[50/102] 049 /industries/coatings/wood  eds=ok src=ok
[51/102] 050 /industries/coatings/coil  eds=ok src=ok
[52/102] 051 /industries/coatings/architectural  eds=ok src=ok
[53/102] 052 /industries/coatings/inks-paper  eds=ok src=ok
[54/102] 053 /industries/coatings/general-industrial-coatings  eds=ok src=ok
[55/102] 054 /industries/general-industrial  eds=ok src=ok
[56/102] 055 /industries/general-industrial/process-adsorbents  eds=ok src=ok
[57/102] 056 /industries/general-industrial/static-adsorbents  eds=ok src=ok
[58/102] 057 /industries/general-industrial/colloidal-silica-in-catalysts  eds=ok src=ok
[59/102] 058 /industries/general-industrial/investment-casting-binders  eds=ok src=ok
[60/102] 059 /industries/general-industrial/refractory-additives  eds=ok src=ok
[61/102] 060 /industries/general-industrial/construction  eds=ok src=ok
[62/102] 061 /industries/pharmaceutical-solutions  eds=ok src=ok
[63/102] 062 /industries/pharmaceutical-solutions/fine-chemicals  eds=ok src=ok
[64/102] 063 /industries/pharmaceutical-solutions/fine-chemicals/custom-apis  eds=ok src=ok
[65/102] 064 /industries/pharmaceutical-solutions/fine-chemicals/rsms-and-intermediates  eds=ok src=ok
[66/102] 065 /industries/pharmaceutical-solutions/fine-chemicals/generic-apis  eds=ok src=ok
[67/102] 066 /industries/pharmaceutical-solutions/fine-chemicals/integrated-scale-up  eds=ok src=ok
[68/102] 067 /industries/pharmaceutical-solutions/fine-chemicals/consultative-services  eds=ok src=ok
[69/102] 068 /industries/pharmaceutical-solutions/fine-chemicals/consultative-services/r-d  eds=ok src=ok
[70/102] 069 /industries/pharmaceutical-solutions/fine-chemicals/consultative-services/quality-and-compliance  eds=ok src=ok
[71/102] 070 /industries/pharmaceutical-solutions/fine-chemicals/facilities  eds=ok src=ok
[72/102] 071 /industries/pharmaceutical-solutions/fine-chemicals/facilities/south-haven  eds=ok src=ok
[73/102] 072 /industries/pharmaceutical-solutions/fine-chemicals/facilities/tyrone  eds=ok src=ok
[74/102] 073 /industries/pharmaceutical-solutions/fine-chemicals/fcms-case-study  eds=ok src=ok
[75/102] 074 /industries/pharmaceutical-solutions/purification-formulation-delivery  eds=ok src=ok
[76/102] 075 /industries/pharmaceutical-solutions/purification-formulation-delivery/chromatography  eds=ok src=ok
[77/102] 076 /industries/pharmaceutical-solutions/purification-formulation-delivery/excipients  eds=ok src=ok
[78/102] 077 /industries/pharmaceutical-solutions/purification-formulation-delivery/active-ingredient-delivery  eds=ok src=ok
[79/102] 078 /industries/pharmaceutical-solutions/packaging-adsorbents  eds=ok src=ok
[80/102] 079 /industries/nutraceutical-solutions  eds=ok src=ok
[81/102] 080 /industries/nutraceutical-solutions/vitamin-purification-formulation-delivery  eds=ok src=ok
[82/102] 081 /industries/nutraceutical-solutions/lipid-purification-formulation-delivery  eds=ok src=ok
[83/102] 082 /industries/nutraceutical-solutions/cbd-purification-formulation-delivery  eds=ok src=ok
[84/102] 083 /industries/nutraceutical-solutions/nutraceutical-cdmo  eds=ok src=ok
[85/102] 084 /industries/nutraceutical-solutions/traditional-herbal-medicine  eds=ok src=ok
[86/102] 085 /industries/agriculture  eds=ok src=ok
[87/102] 086 /industries/agriculture/agriculture-cdmo  eds=ok src=ok
[88/102] 087 /industries/agriculture/animal-feed-agricultural-active-solutions  eds=ok src=ok
[89/102] 088 /industries/personal-care  eds=ok src=ok
[90/102] 089 /industries/personal-care/toothpaste  eds=ok src=ok
[91/102] 090 /industries/personal-care/cosmetics  eds=ok src=ok
[92/102] 091 /industries/food-beverage  eds=ok src=ok
[93/102] 092 /industries/food-beverage/beer  eds=ok src=ok
[94/102] 093 /industries/food-beverage/edible-oil-refining  eds=ok src=ok
[95/102] 094 /industries/food-beverage/food-processing  eds=ok src=ok
[96/102] 095 /industries/food-beverage/beverage  eds=ok src=ok
[97/102] 096 /industries/biofuels  eds=ok src=ok
[98/102] 097 /industries/biofuels/biomass-based-diesel  eds=ok src=ok
[99/102] 098 /industries/biofuels/biomass-based-diesel/first-generation-biodiesel  eds=ok src=ok
[100/102] 099 /industries/biofuels/biomass-based-diesel/renewable-diesel  eds=ok src=ok
[101/102] 100 /industries/biofuels/bioethanol  eds=ok src=ok
[102/102] 101 /industries/biofuels/biodiesel  eds=ok src=ok
done
