[Bulk Import] Starting run with:
  Import script: /backups/meejain/ema-grace/repo/tools/importer/import-grace-master.bundle.js
  URLs file:     /backups/meejain/ema-grace/repo/tools/importer/compare-logs/grid13-urls.txt
  Output dir:    /workspace/current/content
  URL count:     13

  Browser:       Chromium (bundled) [Chrome unavailable: browserType.launch: Chromium distribution 'chrome' is not found at /opt/google/chrome/chrome
Run "npx playwright install chrome"]
[1/13] Starting https://grace.com/industries/refining-technologies/fcc-catalyst-application/
[Browser Console] Mixed Content: The page at 'https://grace.com/industries/refining-technologies/fcc-catalyst-application/' was loaded over HTTPS, but requested an insecure script 'http://grace.com/error/404/'. This request has been blocked; the content must be served over HTTPS.
[Browser Console] 🚀 container.buildInfo.environment is deprecated.Please use `container.environment.stage` instead
[Browser Console] myhost is =grace.com
[Browser Console] myhost is =grace.com
[Browser Console] myhost is =grace.com
[Browser Console] myhost is =grace.com
[Browser Console] OT-Updated
[Browser Console] requestStorageAccess: Permission denied.
[1/13] ⚠️  Falling back to domcontentloaded...
[Browser Console] Mixed Content: The page at 'https://grace.com/industries/refining-technologies/fcc-catalyst-application/' was loaded over HTTPS, but requested an insecure script 'http://grace.com/error/404/'. This request has been blocked; the content must be served over HTTPS.
[Browser Console] 🚀 container.buildInfo.environment is deprecated.Please use `container.environment.stage` instead
[Browser Console] myhost is =grace.com
[Browser Console] myhost is =grace.com
[Browser Console] myhost is =grace.com
[Browser Console] myhost is =grace.com
[Browser Console] OT-Updated
[Browser Console] requestStorageAccess: Permission denied.
[Browser Console] myhost is =grace.com
[Browser Console] OT-Updated
[Browser Console] get data url from a base64 image (): InvalidCharacterError: Failed to execute 'atob' on 'Window': The string to be decoded is not correctly encoded.
    at KT.getDataUrlFromB64Img (<anonymous>:2:1903009)
    at <anonymous>:2:1919086
    at NodeList.forEach (<anonymous>)
    at u.storageHandler.preProcess (<anonymous>:2:1918860)
    at u.storageHandler.import (<anonymous>:2:1920086)
[1/13] ⚠️  Content completeness 47.9% (below 90.0%) — possible dropped content
[1/13] ✅ Saved content to industries/refining-technologies/fcc-catalyst-application
[2/13] Starting https://grace.com/industries/refining-technologies/value-creation/
[Browser Console] Mixed Content: The page at 'https://grace.com/industries/refining-technologies/value-creation/' was loaded over HTTPS, but requested an insecure script 'http://grace.com/error/404/'. This request has been blocked; the content must be served over HTTPS.
[Browser Console] 🚀 container.buildInfo.environment is deprecated.Please use `container.environment.stage` instead
[Browser Console] myhost is =grace.com
[Browser Console] myhost is =grace.com
[Browser Console] myhost is =grace.com
[Browser Console] myhost is =grace.com
[Browser Console] OT-Updated
[Browser Console] requestStorageAccess: Permission denied.
[2/13] ⚠️  Falling back to domcontentloaded...
[Browser Console] Mixed Content: The page at 'https://grace.com/industries/refining-technologies/value-creation/' was loaded over HTTPS, but requested an insecure script 'http://grace.com/error/404/'. This request has been blocked; the content must be served over HTTPS.
[Browser Console] 🚀 container.buildInfo.environment is deprecated.Please use `container.environment.stage` instead
[Browser Console] myhost is =grace.com
[Browser Console] myhost is =grace.com
[Browser Console] myhost is =grace.com
[Browser Console] myhost is =grace.com
[Browser Console] OT-Updated
[Browser Console] requestStorageAccess: Permission denied.
[Browser Console] No available adapters.
[Browser Console] get data url from a base64 image (): InvalidCharacterError: Failed to execute 'atob' on 'Window': The string to be decoded is not correctly encoded.
    at KT.getDataUrlFromB64Img (<anonymous>:2:1903009)
    at <anonymous>:2:1919086
    at NodeList.forEach (<anonymous>)
    at u.storageHandler.preProcess (<anonymous>:2:1918860)
    at u.storageHandler.import (<anonymous>:2:1920086)
[2/13] ⚠️  Content completeness 47.8% (below 90.0%) — possible dropped content
[2/13] ✅ Saved content to industries/refining-technologies/value-creation
[3/13] Starting https://grace.com/industries/refining-technologies/fcc-additive-solutions/
[Browser Console] Mixed Content: The page at 'https://grace.com/industries/refining-technologies/fcc-additive-solutions/' was loaded over HTTPS, but requested an insecure script 'http://grace.com/error/404/'. This request has been blocked; the content must be served over HTTPS.
[Browser Console] 🚀 container.buildInfo.environment is deprecated.Please use `container.environment.stage` instead
[Browser Console] myhost is =grace.com
[Browser Console] myhost is =grace.com
[Browser Console] myhost is =grace.com
[Browser Console] myhost is =grace.com
[Browser Console] OT-Updated
[Browser Console] requestStorageAccess: Permission denied.
[3/13] ⚠️  Falling back to domcontentloaded...
[Browser Console] Mixed Content: The page at 'https://grace.com/industries/refining-technologies/fcc-additive-solutions/' was loaded over HTTPS, but requested an insecure script 'http://grace.com/error/404/'. This request has been blocked; the content must be served over HTTPS.
[Browser Console] 🚀 container.buildInfo.environment is deprecated.Please use `container.environment.stage` instead
[Browser Console] myhost is =grace.com
[Browser Console] myhost is =grace.com
[Browser Console] myhost is =grace.com
[Browser Console] myhost is =grace.com
[Browser Console] OT-Updated
[Browser Console] requestStorageAccess: Permission denied.
[Browser Console] get data url from a base64 image (): InvalidCharacterError: Failed to execute 'atob' on 'Window': The string to be decoded is not correctly encoded.
    at KT.getDataUrlFromB64Img (<anonymous>:2:1903009)
    at <anonymous>:2:1919086
    at NodeList.forEach (<anonymous>)
    at u.storageHandler.preProcess (<anonymous>:2:1918860)
    at u.storageHandler.import (<anonymous>:2:1920086)
    at async fk (<anonymous>:2:1926732)
[3/13] ⚠️  Content completeness 47.5% (below 90.0%) — possible dropped content
[3/13] ✅ Saved content to industries/refining-technologies/fcc-additive-solutions
[4/13] Starting https://grace.com/industries/refining-technologies/fcc-additive-solutions/sox-reduction/
[Browser Console] Mixed Content: The page at 'https://grace.com/industries/refining-technologies/fcc-additive-solutions/sox-reduction/' was loaded over HTTPS, but requested an insecure script 'http://grace.com/error/404/'. This request has been blocked; the content must be served over HTTPS.
[Browser Console] 🚀 container.buildInfo.environment is deprecated.Please use `container.environment.stage` instead
[Browser Console] myhost is =grace.com
[Browser Console] myhost is =grace.com
[Browser Console] myhost is =grace.com
[Browser Console] myhost is =grace.com
[Browser Console] OT-Updated
[Browser Console] requestStorageAccess: Permission denied.
[4/13] ⚠️  Falling back to domcontentloaded...
[Browser Console] Mixed Content: The page at 'https://grace.com/industries/refining-technologies/fcc-additive-solutions/sox-reduction/' was loaded over HTTPS, but requested an insecure script 'http://grace.com/error/404/'. This request has been blocked; the content must be served over HTTPS.
[Browser Console] 🚀 container.buildInfo.environment is deprecated.Please use `container.environment.stage` instead
[Browser Console] myhost is =grace.com
[Browser Console] myhost is =grace.com
[Browser Console] myhost is =grace.com
[Browser Console] myhost is =grace.com
[Browser Console] OT-Updated
[Browser Console] requestStorageAccess: Permission denied.
[Browser Console] get data url from a base64 image (): InvalidCharacterError: Failed to execute 'atob' on 'Window': The string to be decoded is not correctly encoded.
    at KT.getDataUrlFromB64Img (<anonymous>:2:1903009)
    at <anonymous>:2:1919086
    at NodeList.forEach (<anonymous>)
    at u.storageHandler.preProcess (<anonymous>:2:1918860)
    at u.storageHandler.import (<anonymous>:2:1920086)
    at async fk (<anonymous>:2:1926732)
[4/13] ⚠️  Content completeness 45.2% (below 90.0%) — possible dropped content
[4/13] ✅ Saved content to industries/refining-technologies/fcc-additive-solutions/sox-reduction
[5/13] Starting https://grace.com/industries/refining-technologies/fcc-additive-solutions/gasoline-sulphur-reduction/
[Browser Console] Mixed Content: The page at 'https://grace.com/industries/refining-technologies/fcc-additive-solutions/gasoline-sulphur-reduction/' was loaded over HTTPS, but requested an insecure script 'http://grace.com/error/404/'. This request has been blocked; the content must be served over HTTPS.
[Browser Console] 🚀 container.buildInfo.environment is deprecated.Please use `container.environment.stage` instead
[Browser Console] myhost is =grace.com
[Browser Console] myhost is =grace.com
[Browser Console] myhost is =grace.com
[Browser Console] myhost is =grace.com
[Browser Console] OT-Updated
[Browser Console] requestStorageAccess: Permission denied.
[5/13] ⚠️  Falling back to domcontentloaded...
[Browser Console] Mixed Content: The page at 'https://grace.com/industries/refining-technologies/fcc-additive-solutions/gasoline-sulphur-reduction/' was loaded over HTTPS, but requested an insecure script 'http://grace.com/error/404/'. This request has been blocked; the content must be served over HTTPS.
[Browser Console] 🚀 container.buildInfo.environment is deprecated.Please use `container.environment.stage` instead
[Browser Console] myhost is =grace.com
[Browser Console] myhost is =grace.com
[Browser Console] myhost is =grace.com
[Browser Console] myhost is =grace.com
[Browser Console] OT-Updated
[Browser Console] requestStorageAccess: Permission denied.
[Browser Console] get data url from a base64 image (): InvalidCharacterError: Failed to execute 'atob' on 'Window': The string to be decoded is not correctly encoded.
    at KT.getDataUrlFromB64Img (<anonymous>:2:1903009)
    at <anonymous>:2:1919086
    at NodeList.forEach (<anonymous>)
    at u.storageHandler.preProcess (<anonymous>:2:1918860)
    at u.storageHandler.import (<anonymous>:2:1920086)
    at async fk (<anonymous>:2:1926732)
[5/13] ⚠️  Content completeness 47.9% (below 90.0%) — possible dropped content
[5/13] ✅ Saved content to industries/refining-technologies/fcc-additive-solutions/gasoline-sulphur-reduction
[6/13] Starting https://grace.com/industries/refining-technologies/fcc-additive-solutions/light-olefins/
[Browser Console] Mixed Content: The page at 'https://grace.com/industries/refining-technologies/fcc-additive-solutions/light-olefins/' was loaded over HTTPS, but requested an insecure script 'http://grace.com/error/404/'. This request has been blocked; the content must be served over HTTPS.
[Browser Console] 🚀 container.buildInfo.environment is deprecated.Please use `container.environment.stage` instead
[Browser Console] myhost is =grace.com
[Browser Console] myhost is =grace.com
[Browser Console] myhost is =grace.com
[Browser Console] myhost is =grace.com
[Browser Console] OT-Updated
[Browser Console] requestStorageAccess: Permission denied.
[6/13] ⚠️  Falling back to domcontentloaded...
[Browser Console] Mixed Content: The page at 'https://grace.com/industries/refining-technologies/fcc-additive-solutions/light-olefins/' was loaded over HTTPS, but requested an insecure script 'http://grace.com/error/404/'. This request has been blocked; the content must be served over HTTPS.
[Browser Console] 🚀 container.buildInfo.environment is deprecated.Please use `container.environment.stage` instead
[Browser Console] myhost is =grace.com
[Browser Console] myhost is =grace.com
[Browser Console] myhost is =grace.com
[Browser Console] myhost is =grace.com
[Browser Console] OT-Updated
[Browser Console] requestStorageAccess: Permission denied.
[Browser Console] get data url from a base64 image (): InvalidCharacterError: Failed to execute 'atob' on 'Window': The string to be decoded is not correctly encoded.
    at KT.getDataUrlFromB64Img (<anonymous>:2:1903009)
    at <anonymous>:2:1919086
    at NodeList.forEach (<anonymous>)
    at u.storageHandler.preProcess (<anonymous>:2:1918860)
    at u.storageHandler.import (<anonymous>:2:1920086)
    at async fk (<anonymous>:2:1926732)
[6/13] ⚠️  Content completeness 54.3% (below 90.0%) — possible dropped content
[6/13] ✅ Saved content to industries/refining-technologies/fcc-additive-solutions/light-olefins
[7/13] Starting https://grace.com/industries/refining-technologies/fcc-additive-solutions/nox-reduction/
[Browser Console] Mixed Content: The page at 'https://grace.com/industries/refining-technologies/fcc-additive-solutions/nox-reduction/' was loaded over HTTPS, but requested an insecure script 'http://grace.com/error/404/'. This request has been blocked; the content must be served over HTTPS.
[Browser Console] 🚀 container.buildInfo.environment is deprecated.Please use `container.environment.stage` instead
[Browser Console] myhost is =grace.com
[Browser Console] myhost is =grace.com
[Browser Console] myhost is =grace.com
[Browser Console] myhost is =grace.com
[Browser Console] OT-Updated
[Browser Console] requestStorageAccess: Permission denied.
[7/13] ⚠️  Falling back to domcontentloaded...
[Browser Console] Mixed Content: The page at 'https://grace.com/industries/refining-technologies/fcc-additive-solutions/nox-reduction/' was loaded over HTTPS, but requested an insecure script 'http://grace.com/error/404/'. This request has been blocked; the content must be served over HTTPS.
[Browser Console] 🚀 container.buildInfo.environment is deprecated.Please use `container.environment.stage` instead
[Browser Console] myhost is =grace.com
[Browser Console] myhost is =grace.com
[Browser Console] myhost is =grace.com
[Browser Console] myhost is =grace.com
[Browser Console] OT-Updated
[Browser Console] requestStorageAccess: Permission denied.
[Browser Console] get data url from a base64 image (): InvalidCharacterError: Failed to execute 'atob' on 'Window': The string to be decoded is not correctly encoded.
    at KT.getDataUrlFromB64Img (<anonymous>:2:1903009)
    at <anonymous>:2:1919086
    at NodeList.forEach (<anonymous>)
    at u.storageHandler.preProcess (<anonymous>:2:1918860)
    at u.storageHandler.import (<anonymous>:2:1920086)
    at async fk (<anonymous>:2:1926732)
[7/13] ⚠️  Content completeness 47.8% (below 90.0%) — possible dropped content
[7/13] ✅ Saved content to industries/refining-technologies/fcc-additive-solutions/nox-reduction
[8/13] Starting https://grace.com/industries/refining-technologies/fcc-additive-solutions/combustion-promoter/
[Browser Console] Mixed Content: The page at 'https://grace.com/industries/refining-technologies/fcc-additive-solutions/combustion-promoter/' was loaded over HTTPS, but requested an insecure script 'http://grace.com/error/404/'. This request has been blocked; the content must be served over HTTPS.
[Browser Console] 🚀 container.buildInfo.environment is deprecated.Please use `container.environment.stage` instead
[Browser Console] myhost is =grace.com
[Browser Console] myhost is =grace.com
[Browser Console] myhost is =grace.com
[Browser Console] myhost is =grace.com
[Browser Console] OT-Updated
[Browser Console] requestStorageAccess: Permission denied.
[8/13] ⚠️  Falling back to domcontentloaded...
[Browser Console] Mixed Content: The page at 'https://grace.com/industries/refining-technologies/fcc-additive-solutions/combustion-promoter/' was loaded over HTTPS, but requested an insecure script 'http://grace.com/error/404/'. This request has been blocked; the content must be served over HTTPS.
[Browser Console] 🚀 container.buildInfo.environment is deprecated.Please use `container.environment.stage` instead
[Browser Console] myhost is =grace.com
[Browser Console] myhost is =grace.com
[Browser Console] myhost is =grace.com
[Browser Console] myhost is =grace.com
[Browser Console] OT-Updated
[Browser Console] requestStorageAccess: Permission denied.
[Browser Console] get data url from a base64 image (): InvalidCharacterError: Failed to execute 'atob' on 'Window': The string to be decoded is not correctly encoded.
    at KT.getDataUrlFromB64Img (<anonymous>:2:1903009)
    at <anonymous>:2:1919086
    at NodeList.forEach (<anonymous>)
    at u.storageHandler.preProcess (<anonymous>:2:1918860)
    at u.storageHandler.import (<anonymous>:2:1920086)
    at async fk (<anonymous>:2:1926732)
[8/13] ⚠️  Content completeness 49.6% (below 90.0%) — possible dropped content
[8/13] ✅ Saved content to industries/refining-technologies/fcc-additive-solutions/combustion-promoter
[9/13] Starting https://grace.com/industries/refining-technologies/hydroprocessing/
[Browser Console] Mixed Content: The page at 'https://grace.com/industries/refining-technologies/hydroprocessing/' was loaded over HTTPS, but requested an insecure script 'http://grace.com/error/404/'. This request has been blocked; the content must be served over HTTPS.
[Browser Console] 🚀 container.buildInfo.environment is deprecated.Please use `container.environment.stage` instead
[Browser Console] myhost is =grace.com
[Browser Console] myhost is =grace.com
[Browser Console] myhost is =grace.com
[Browser Console] myhost is =grace.com
[Browser Console] OT-Updated
[Browser Console] requestStorageAccess: Permission denied.
[9/13] ⚠️  Falling back to domcontentloaded...
[Browser Console] Mixed Content: The page at 'https://grace.com/industries/refining-technologies/hydroprocessing/' was loaded over HTTPS, but requested an insecure script 'http://grace.com/error/404/'. This request has been blocked; the content must be served over HTTPS.
[Browser Console] 🚀 container.buildInfo.environment is deprecated.Please use `container.environment.stage` instead
[Browser Console] myhost is =grace.com
[Browser Console] myhost is =grace.com
[Browser Console] myhost is =grace.com
[Browser Console] myhost is =grace.com
[Browser Console] OT-Updated
[Browser Console] requestStorageAccess: Permission denied.
[Browser Console] get data url from a base64 image (): InvalidCharacterError: Failed to execute 'atob' on 'Window': The string to be decoded is not correctly encoded.
    at KT.getDataUrlFromB64Img (<anonymous>:2:1903009)
    at <anonymous>:2:1919086
    at NodeList.forEach (<anonymous>)
    at u.storageHandler.preProcess (<anonymous>:2:1918860)
    at u.storageHandler.import (<anonymous>:2:1920086)
    at async fk (<anonymous>:2:1926732)
[9/13] ⚠️  Content completeness 48.0% (below 90.0%) — possible dropped content
[9/13] ✅ Saved content to industries/refining-technologies/hydroprocessing
[10/13] Starting https://grace.com/industries/plastics-and-polymers/polyethylene-catalysts/pe-slurry/
[Browser Console] Mixed Content: The page at 'https://grace.com/industries/plastics-and-polymers/polyethylene-catalysts/pe-slurry/' was loaded over HTTPS, but requested an insecure script 'http://grace.com/error/404/'. This request has been blocked; the content must be served over HTTPS.
[Browser Console] 🚀 container.buildInfo.environment is deprecated.Please use `container.environment.stage` instead
[Browser Console] myhost is =grace.com
[Browser Console] myhost is =grace.com
[Browser Console] myhost is =grace.com
[Browser Console] myhost is =grace.com
[Browser Console] OT-Updated
[Browser Console] requestStorageAccess: Permission denied.
[10/13] ⚠️  Falling back to domcontentloaded...
[Browser Console] Mixed Content: The page at 'https://grace.com/industries/plastics-and-polymers/polyethylene-catalysts/pe-slurry/' was loaded over HTTPS, but requested an insecure script 'http://grace.com/error/404/'. This request has been blocked; the content must be served over HTTPS.
[Browser Console] 🚀 container.buildInfo.environment is deprecated.Please use `container.environment.stage` instead
[Browser Console] myhost is =grace.com
[Browser Console] myhost is =grace.com
[Browser Console] myhost is =grace.com
[Browser Console] myhost is =grace.com
[Browser Console] OT-Updated
[Browser Console] requestStorageAccess: Permission denied.
[10/13] ⚠️  Content completeness 70.8% (below 90.0%) — possible dropped content
[10/13] ✅ Saved content to industries/plastics-and-polymers/polyethylene-catalysts/pe-slurry
[11/13] Starting https://grace.com/industries/plastics-and-polymers/polyethylene-catalysts/pe-gas-phase/
[Browser Console] Mixed Content: The page at 'https://grace.com/industries/plastics-and-polymers/polyethylene-catalysts/pe-gas-phase/' was loaded over HTTPS, but requested an insecure script 'http://grace.com/error/404/'. This request has been blocked; the content must be served over HTTPS.
[Browser Console] 🚀 container.buildInfo.environment is deprecated.Please use `container.environment.stage` instead
[Browser Console] myhost is =grace.com
[Browser Console] myhost is =grace.com
[Browser Console] myhost is =grace.com
[Browser Console] myhost is =grace.com
[Browser Console] OT-Updated
[Browser Console] requestStorageAccess: Permission denied.
[11/13] ⚠️  Falling back to domcontentloaded...
[Browser Console] Mixed Content: The page at 'https://grace.com/industries/plastics-and-polymers/polyethylene-catalysts/pe-gas-phase/' was loaded over HTTPS, but requested an insecure script 'http://grace.com/error/404/'. This request has been blocked; the content must be served over HTTPS.
[Browser Console] 🚀 container.buildInfo.environment is deprecated.Please use `container.environment.stage` instead
[Browser Console] myhost is =grace.com
[Browser Console] myhost is =grace.com
[Browser Console] myhost is =grace.com
[Browser Console] myhost is =grace.com
[Browser Console] OT-Updated
[Browser Console] requestStorageAccess: Permission denied.
[11/13] ⚠️  Content completeness 72.2% (below 90.0%) — possible dropped content
[11/13] ✅ Saved content to industries/plastics-and-polymers/polyethylene-catalysts/pe-gas-phase
[12/13] Starting https://grace.com/industries/plastics-and-polymers/polypropylene-catalysts/pp-bulk/
[Browser Console] Mixed Content: The page at 'https://grace.com/industries/plastics-and-polymers/polypropylene-catalysts/pp-bulk/' was loaded over HTTPS, but requested an insecure script 'http://grace.com/error/404/'. This request has been blocked; the content must be served over HTTPS.
[Browser Console] 🚀 container.buildInfo.environment is deprecated.Please use `container.environment.stage` instead
[Browser Console] myhost is =grace.com
[Browser Console] myhost is =grace.com
[Browser Console] myhost is =grace.com
[Browser Console] myhost is =grace.com
[Browser Console] OT-Updated
[Browser Console] requestStorageAccess: Permission denied.
[12/13] ⚠️  Falling back to domcontentloaded...
[Browser Console] Mixed Content: The page at 'https://grace.com/industries/plastics-and-polymers/polypropylene-catalysts/pp-bulk/' was loaded over HTTPS, but requested an insecure script 'http://grace.com/error/404/'. This request has been blocked; the content must be served over HTTPS.
[Browser Console] 🚀 container.buildInfo.environment is deprecated.Please use `container.environment.stage` instead
[Browser Console] myhost is =grace.com
[Browser Console] myhost is =grace.com
[Browser Console] myhost is =grace.com
[Browser Console] myhost is =grace.com
[Browser Console] OT-Updated
[Browser Console] requestStorageAccess: Permission denied.
[12/13] ⚠️  Content completeness 73.6% (below 90.0%) — possible dropped content
[12/13] ✅ Saved content to industries/plastics-and-polymers/polypropylene-catalysts/pp-bulk
[13/13] Starting https://grace.com/industries/plastics-and-polymers/polypropylene-catalysts/pp-gas-phase/
[Browser Console] Mixed Content: The page at 'https://grace.com/industries/plastics-and-polymers/polypropylene-catalysts/pp-gas-phase/' was loaded over HTTPS, but requested an insecure script 'http://grace.com/error/404/'. This request has been blocked; the content must be served over HTTPS.
[Browser Console] 🚀 container.buildInfo.environment is deprecated.Please use `container.environment.stage` instead
[Browser Console] myhost is =grace.com
[Browser Console] myhost is =grace.com
[Browser Console] myhost is =grace.com
[Browser Console] myhost is =grace.com
[Browser Console] OT-Updated
[Browser Console] requestStorageAccess: Permission denied.
[13/13] ⚠️  Falling back to domcontentloaded...
[Browser Console] Mixed Content: The page at 'https://grace.com/industries/plastics-and-polymers/polypropylene-catalysts/pp-gas-phase/' was loaded over HTTPS, but requested an insecure script 'http://grace.com/error/404/'. This request has been blocked; the content must be served over HTTPS.
[Browser Console] 🚀 container.buildInfo.environment is deprecated.Please use `container.environment.stage` instead
[Browser Console] myhost is =grace.com
[Browser Console] myhost is =grace.com
[Browser Console] myhost is =grace.com
[Browser Console] myhost is =grace.com
[Browser Console] OT-Updated
[Browser Console] requestStorageAccess: Permission denied.
[13/13] ⚠️  Content completeness 68.2% (below 90.0%) — possible dropped content
[13/13] ✅ Saved content to industries/plastics-and-polymers/polypropylene-catalysts/pp-gas-phase
[Bulk Import] Completed. Success: 13/13, Failures: 0
[Excel Export] Found 354 report file(s). Compiling to Excel...
[Excel Export] ✅ Compiled 354 reports to: /workspace/current/tools/importer/reports/import-grace-master.report.xlsx
